// Jest Snapshot v1, https://goo.gl/fbAQLP

exports[`views:AppView should render a list 1`] = `
"<div class=\\"container-fluid text-center\\">
    <div class=\\"row justify-content-center align-items-center search-bar my-2\\"><form class=\\"form-inline\\">
    <div class=\\"form-group\\">
        <input class=\\"inputSearch form-control mr-1\\" type=\\"text\\" placeholder=\\"Search\\">
        <button type=\\"submit\\" class=\\"btn btn-secondary cursor-pointer\\"><i class=\\"fa fa-search\\" aria-hidden=\\"true\\"></i>Search</button>
    </div>
</form>
</div>
    <div class=\\"row\\">
        <div class=\\"search-result col\\">
</div>
        <div class=\\"cart col\\">
</div>
    </div>
</div>
"
`;
