// Jest Snapshot v1, https://goo.gl/fbAQLP

exports[`views:SearchBar call handleSubmit callback 1`] = `
"<form class=\\"form-inline\\">
    <div class=\\"form-group\\">
        <input class=\\"inputSearch form-control mr-1\\" type=\\"text\\" placeholder=\\"Search\\">
        <button type=\\"submit\\" class=\\"btn btn-secondary cursor-pointer\\"><i class=\\"fa fa-search\\" aria-hidden=\\"true\\"></i>Search</button>
    </div>
</form>
"
`;
